mode: atomic
routerd/ap.go:13.2,13.58 1 2
routerd/ap.go:14.3,14.36 1 0
routerd/ap.go:15.4,16.1 1 0
routerd/ap.go:17.3,17.31 1 0
routerd/ap.go:19.2,20.16 2 2
routerd/ap.go:21.3,22.1 1 0
routerd/ap.go:23.2,23.44 1 2
routerd/ap.go:24.3,24.48 1 2
routerd/ap.go:25.4,25.12 1 0
routerd/ap.go:27.3,27.25 1 2
routerd/ap.go:28.4,28.12 1 0
routerd/ap.go:30.3,31.17 2 2
routerd/ap.go:32.4,32.12 1 0
routerd/ap.go:34.3,34.45 1 2
routerd/ap.go:35.4,36.1 1 2
routerd/ap.go:38.2,38.88 1 0
routerd/ap.go:43.2,43.46 1 4
routerd/ap.go:44.3,45.1 1 1
routerd/ap.go:46.2,47.16 2 3
routerd/ap.go:48.3,49.50 2 2
routerd/ap.go:50.4,51.1 1 1
routerd/ap.go:53.2,53.15 1 2
routerd/ap.go:54.3,55.1 1 2
routerd/ap.go:56.2,56.83 1 0
routerd/ap.go:62.2,64.18 3 3
routerd/ap.go:65.3,67.1 2 2
routerd/ap.go:68.3,70.1 2 1
routerd/ap.go:73.2,74.16 2 3
routerd/ap.go:75.3,76.1 1 2
routerd/ap.go:77.2,78.1 2 1
routerd/ap.go:80.2,80.113 2 1
routerd/ap.go:81.3,82.1 1 0
routerd/ap.go:83.2,83.70 1 1
routerd/ap.go:84.3,85.1 1 0
routerd/ap.go:86.2,86.77 1 1
routerd/ap.go:87.3,88.1 1 0
routerd/ap.go:89.2,89.12 1 1
routerd/ap.go:93.2,94.16 2 4
routerd/ap.go:95.3,95.84 1 1
routerd/ap.go:96.4,97.1 1 1
routerd/ap.go:98.3,98.85 1 0
routerd/ap.go:100.2,100.12 1 3
routerd/ap.go:104.2,105.16 2 2
routerd/ap.go:106.3,107.1 1 1
routerd/ap.go:108.2,108.12 1 1
routerd/ap.go:112.2,113.16 2 3
routerd/ap.go:114.3,114.43 1 2
routerd/ap.go:115.4,116.1 1 1
routerd/ap.go:117.3,117.87 1 1
routerd/ap.go:119.2,119.12 1 1
routerd/ap.go:123.2,124.77 2 0
routerd/ap.go:125.3,126.1 1 0
routerd/ap.go:131.2,132.16 2 0
routerd/ap.go:133.3,134.1 1 0
routerd/ap.go:138.2,139.16 2 2
routerd/ap.go:140.3,141.1 1 0
routerd/ap.go:142.2,142.39 1 2
routerd/clients.go:19.2,20.16 2 0
routerd/clients.go:21.3,22.1 1 0
routerd/clients.go:24.2,25.48 2 0
routerd/clients.go:26.3,27.42 2 0
routerd/clients.go:28.4,29.23 2 0
routerd/clients.go:30.5,31.1 1 0
routerd/clients.go:34.2,34.20 1 0
routerd/clients.go:35.3,36.1 1 0
routerd/clients.go:39.2,40.1 3 0
routerd/clients.go:41.2,42.27 3 0
routerd/clients.go:43.3,44.15 2 0
routerd/clients.go:45.4,46.1 1 0
routerd/clients.go:47.3,47.54 1 0
routerd/clients.go:49.2,49.16 1 0
routerd/clients.go:55.2,57.16 3 4
routerd/clients.go:59.3,60.17 2 1
routerd/clients.go:61.4,62.1 1 0
routerd/clients.go:64.2,64.57 1 4
routerd/clients.go:65.3,66.23 2 20
routerd/clients.go:67.4,70.1 3 16
routerd/clients.go:72.2,72.10 1 4
routerd/clients.go:77.2,78.16 2 0
routerd/clients.go:79.3,80.1 1 0
routerd/clients.go:81.2,81.67 1 0
routerd/clients.go:82.3,83.48 2 0
routerd/clients.go:84.4,85.1 1 0
routerd/clients.go:87.2,87.11 1 0
routerd/clients.go:92.2,93.14 2 5
routerd/clients.go:94.3,95.1 1 1
routerd/clients.go:96.2,99.11 4 5
routerd/clients.go:100.3,101.1 1 1
routerd/clients.go:102.2,102.11 1 4
routerd/clients.go:103.3,104.1 1 1
routerd/clients.go:105.2,105.30 1 3
routerd/clients.go:109.2,110.1 1 5
routerd/config.go:53.2,83.1 1 10
routerd/config.go:88.2,90.1 2 29
routerd/config.go:96.2,97.22 2 13
routerd/config.go:98.3,98.12 1 83
routerd/config.go:99.32,99.32 0 5
routerd/config.go:102.4,102.18 1 78
routerd/config.go:105.2,105.19 1 13
routerd/config.go:112.2,113.16 2 10
routerd/config.go:114.3,115.1 1 0
routerd/config.go:116.2,117.16 2 10
routerd/config.go:118.3,118.25 1 1
routerd/config.go:119.4,120.1 1 1
routerd/config.go:121.3,121.18 1 0
routerd/config.go:123.2,124.1 3 9
routerd/config.go:125.2,126.16 3 9
routerd/config.go:127.3,128.49 2 38
routerd/config.go:129.4,129.12 1 4
routerd/config.go:131.3,132.10 2 34
routerd/config.go:133.4,133.12 1 1
routerd/config.go:135.3,137.14 3 33
routerd/config.go:139.4,139.32 1 5
routerd/config.go:141.4,141.22 1 6
routerd/config.go:143.4,143.21 1 1
routerd/config.go:145.4,145.26 1 1
routerd/config.go:147.4,147.25 1 1
routerd/config.go:149.4,149.20 1 1
routerd/config.go:151.4,151.20 1 1
routerd/config.go:153.4,153.38 1 1
routerd/config.go:155.4,155.56 1 1
routerd/config.go:156.5,157.1 1 1
routerd/config.go:159.4,159.17 1 1
routerd/config.go:161.4,161.34 1 1
routerd/config.go:163.4,163.36 1 1
routerd/config.go:165.4,165.57 1 1
routerd/config.go:166.5,167.1 1 1
routerd/config.go:169.4,169.32 1 1
routerd/config.go:171.4,171.36 1 1
routerd/config.go:173.4,173.33 1 1
routerd/config.go:175.4,175.57 1 1
routerd/config.go:176.5,177.1 1 1
routerd/config.go:179.4,179.34 1 1
routerd/config.go:181.4,181.38 1 1
routerd/config.go:183.4,183.23 1 1
routerd/config.go:185.4,185.26 1 1
routerd/config.go:187.4,187.38 1 1
routerd/config.go:189.4,189.20 1 1
routerd/config.go:191.4,191.29 1 1
routerd/config.go:193.4,193.41 1 0
routerd/config.go:195.4,195.69 1 0
routerd/config.go:196.5,197.1 1 0
routerd/config.go:199.4,199.31 1 0
routerd/config.go:201.4,201.27 1 0
routerd/config.go:204.2,204.33 1 9
routerd/config.go:205.3,206.1 1 0
routerd/config.go:207.2,207.81 1 9
routerd/config.go:208.3,209.1 1 2
routerd/config.go:210.2,210.20 1 7
routerd/config.go:211.3,212.1 1 1
routerd/config.go:213.2,213.17 1 6
routerd/main.go:25.41,25.77 1 18
routerd/main.go:26.41,26.77 1 1
routerd/main.go:29.2,55.1 1 0
routerd/main.go:60.2,61.16 2 2
routerd/main.go:62.3,63.1 1 1
routerd/main.go:64.2,64.37 1 1
routerd/main.go:68.2,69.16 2 2
routerd/main.go:70.3,71.1 1 1
routerd/main.go:72.2,72.37 1 1
routerd/main.go:76.2,78.1 2 0
routerd/main.go:83.2,85.16 3 0
routerd/main.go:86.3,88.57 3 0
routerd/main.go:89.4,90.1 1 0
routerd/main.go:91.3,91.37 1 0
routerd/main.go:93.2,99.1 3 0
routerd/main.go:100.3,101.1 1 0
routerd/main.go:107.2,107.41 1 0
routerd/main.go:108.3,109.1 1 0
routerd/main.go:110.2,111.1 3 0
routerd/main.go:112.2,113.16 3 0
routerd/main.go:114.3,115.1 1 0
routerd/main.go:116.2,116.50 1 0
routerd/main.go:117.3,118.1 1 0
routerd/main.go:120.2,121.1 3 0
routerd/main.go:122.2,123.15 3 0
routerd/main.go:124.3,124.13 1 0
routerd/main.go:125.4,126.1 1 0
routerd/main.go:130.2,132.1 4 0
routerd/main.go:133.2,134.16 4 0
routerd/main.go:135.3,137.1 2 0
routerd/main.go:138.2,139.16 2 0
routerd/main.go:140.3,142.1 2 0
routerd/main.go:143.2,143.46 1 0
routerd/main.go:144.3,145.1 1 0
routerd/main.go:147.2,148.16 2 0
routerd/main.go:149.3,151.1 2 0
routerd/main.go:153.2,155.48 3 0
routerd/main.go:156.3,157.17 2 0
routerd/main.go:158.4,160.1 2 0
routerd/main.go:161.3,161.71 1 0
routerd/main.go:163.3,164.39 2 0
routerd/main.go:165.4,167.1 2 0
routerd/main.go:168.3,168.15 1 0
routerd/main.go:169.4,170.1 1 0
routerd/main.go:171.4,172.1 1 0
routerd/main.go:175.2,177.1 3 0
routerd/main.go:178.2,178.45 3 0
routerd/main.go:179.3,181.1 2 0
routerd/main.go:183.2,184.16 2 0
routerd/main.go:185.3,187.1 2 0
routerd/main.go:189.2,189.79 1 0
routerd/main.go:190.3,192.1 2 0
routerd/main.go:193.2,193.53 1 0
routerd/main.go:194.3,196.1 2 0
routerd/main.go:197.2,198.1 2 0
routerd/main.go:199.2,199.60 2 0
routerd/main.go:200.3,202.1 2 0
routerd/main.go:203.2,203.57 1 0
routerd/main.go:204.3,206.1 2 0
routerd/main.go:207.2,207.50 1 0
routerd/main.go:208.3,210.1 2 0
routerd/main.go:211.2,224.17 1 0
routerd/main.go:225.3,227.1 2 0
routerd/main.go:229.2,236.1 4 0
routerd/main.go:237.2,240.1 4 0
routerd/main.go:242.2,242.26 4 0
routerd/main.go:243.3,244.24 2 0
routerd/main.go:245.4,246.1 1 0
routerd/main.go:247.3,251.13 2 0
routerd/main.go:252.4,253.83 2 0
routerd/main.go:254.5,255.1 1 0
routerd/main.go:260.2,260.48 1 0
routerd/main.go:261.3,263.1 2 0
routerd/main.go:264.2,264.48 1 0
routerd/main.go:265.3,267.1 2 0
routerd/main.go:270.2,270.12 1 0
routerd/main.go:271.3,274.7 4 0
routerd/main.go:275.4,275.11 1 0
routerd/main.go:277.5,277.11 1 0
routerd/main.go:279.5,279.42 1 0
routerd/main.go:284.2,287.20 4 0
routerd/main.go:291.2,292.16 2 0
routerd/main.go:293.3,294.1 1 0
routerd/main.go:295.2,297.20 3 0
routerd/main.go:301.2,302.9 2 0
routerd/main.go:303.3,305.1 2 0
routerd/main.go:306.2,306.23 1 0
routerd/main.go:307.3,309.1 2 0
routerd/main.go:311.2,317.1 7 0
routerd/main.go:319.2,319.22 7 0
routerd/main.go:320.3,322.1 2 0
routerd/main.go:325.2,325.18 1 0
routerd/main.go:326.3,327.57 2 0
routerd/main.go:328.4,329.1 1 0
routerd/main.go:331.3,332.1 1 0
routerd/main.go:335.2,336.23 2 0
routerd/main.go:337.3,338.1 1 0
routerd/main.go:339.3,340.29 2 0
routerd/main.go:341.4,342.1 1 0
routerd/main.go:352.2,353.16 2 0
routerd/main.go:354.3,355.1 1 0
routerd/main.go:356.2,357.9 2 0
routerd/main.go:358.3,359.1 1 0
routerd/main.go:362.2,364.1 4 0
routerd/main.go:365.2,366.48 4 0
routerd/main.go:367.3,367.65 1 0
routerd/main.go:368.4,369.1 1 0
routerd/main.go:370.9,370.84 1 0
routerd/main.go:371.3,372.15 2 0
routerd/main.go:373.4,374.1 1 0
routerd/main.go:375.4,376.1 1 0
routerd/main.go:380.2,380.29 1 0
routerd/main.go:381.3,381.57 1 0
routerd/main.go:382.4,383.1 1 0
routerd/main.go:387.2,390.1 4 0
routerd/main.go:395.2,395.51 4 0
routerd/main.go:396.3,397.1 3 0
routerd/main.go:399.3,400.20 3 0
routerd/main.go:401.4,402.1 1 0
routerd/main.go:403.3,410.1 8 0
routerd/main.go:412.3,412.29 8 0
routerd/main.go:413.4,414.1 1 0
routerd/main.go:416.3,417.20 2 0
routerd/main.go:418.4,420.1 2 0
routerd/main.go:421.3,422.1 2 0
routerd/main.go:423.3,423.83 2 0
routerd/main.go:424.4,425.1 1 0
routerd/main.go:426.3,426.61 1 0
routerd/main.go:427.4,427.63 1 0
routerd/main.go:428.5,429.1 1 0
routerd/main.go:431.3,431.56 1 0
routerd/main.go:432.4,433.1 1 0
routerd/main.go:434.3,447.19 1 0
routerd/main.go:448.4,449.1 1 0
routerd/main.go:450.3,451.106 2 0
routerd/main.go:455.2,457.16 3 0
routerd/main.go:458.3,460.1 2 0
routerd/main.go:461.2,462.1 2 0
routerd/main.go:463.2,463.60 2 0
routerd/main.go:464.3,466.1 2 0
routerd/main.go:468.2,469.16 2 0
routerd/main.go:470.3,472.1 2 0
routerd/main.go:473.2,473.57 1 0
routerd/main.go:474.3,476.1 2 0
routerd/main.go:478.2,478.50 1 0
routerd/main.go:479.3,481.1 2 0
routerd/main.go:484.2,497.17 1 0
routerd/main.go:498.3,500.1 2 0
routerd/main.go:502.2,511.78 10 0
routerd/main.go:516.2,518.1 3 0
routerd/main.go:519.2,519.40 3 0
routerd/main.go:520.3,521.17 2 0
routerd/main.go:522.4,524.1 2 0
routerd/main.go:525.3,526.1 3 0
routerd/main.go:527.3,528.17 3 0
routerd/main.go:529.4,530.1 1 0
routerd/main.go:532.3,533.7 2 0
routerd/main.go:534.4,535.13 2 0
routerd/main.go:536.5,536.85 1 0
routerd/main.go:537.6,537.17 1 0
routerd/main.go:538.7,539.1 1 0
routerd/main.go:542.4,542.18 1 0
routerd/main.go:543.5,543.22 1 0
routerd/main.go:544.6,545.14 2 0
routerd/main.go:547.5,547.11 1 0
routerd/main.go:552.2,553.33 2 0
routerd/main.go:557.2,558.16 2 0
routerd/main.go:559.3,560.1 1 0
routerd/main.go:562.2,566.19 5 0
routerd/main.go:567.3,568.1 1 0
routerd/main.go:570.2,571.1 3 0
routerd/main.go:572.2,573.20 3 0
routerd/main.go:574.3,575.1 1 0
routerd/main.go:576.3,577.1 1 0
routerd/main.go:578.2,579.1 4 0
routerd/main.go:580.2,582.1 4 0
routerd/main.go:583.2,583.77 4 0
routerd/main.go:584.3,585.1 1 0
routerd/main.go:586.2,586.34 1 0
routerd/main.go:590.2,592.51 3 0
routerd/main.go:593.3,594.1 1 0
routerd/main.go:595.2,596.124 2 0
routerd/main.go:602.2,603.23 2 0
routerd/main.go:604.3,606.1 2 0
routerd/main.go:608.2,609.55 2 0
routerd/main.go:610.3,610.18 1 0
routerd/main.go:612.4,612.21 1 0
routerd/main.go:613.5,615.1 2 0
routerd/main.go:616.4,617.19 2 0
routerd/main.go:619.4,620.14 2 0
routerd/main.go:622.4,623.14 2 0
routerd/main.go:626.2,626.19 1 0
routerd/main.go:627.3,629.1 2 0
routerd/main.go:630.2,630.17 1 0
routerd/main.go:632.3,632.13 1 0
routerd/main.go:634.3,634.12 1 0
routerd/main.go:636.3,636.14 1 0
routerd/main.go:638.3,638.14 1 0
routerd/main.go:640.3,640.12 1 0
routerd/main.go:642.3,642.17 1 0
routerd/main.go:644.3,644.17 1 0
routerd/main.go:646.3,646.38 1 0
routerd/main.go:648.3,649.13 2 0
routerd/nat.go:30.2,30.23 1 59
routerd/nat.go:31.3,33.1 2 11
routerd/nat.go:34.2,34.15 1 59
routerd/nat.go:39.2,39.14 1 59
routerd/nat.go:40.3,41.1 1 59
routerd/nat.go:42.2,43.25 2 0
routerd/nat.go:44.3,44.16 1 0
routerd/nat.go:45.4,46.1 1 0
routerd/nat.go:48.2,48.12 1 0
routerd/nat.go:53.2,54.1 1 53
routerd/nat.go:58.2,59.1 1 6
routerd/nat.go:88.2,90.1 1 7
routerd/nat.go:95.2,96.16 2 1
routerd/nat.go:97.3,98.1 1 0
routerd/nat.go:99.2,99.40 1 1
routerd/nat.go:103.2,104.1 1 4
routerd/nat.go:106.34,106.65 1 1
routerd/nat.go:107.34,107.83 1 2
routerd/nat.go:110.2,111.1 1 0
routerd/nat.go:116.2,117.53 2 1
routerd/nat.go:118.3,119.1 1 1
routerd/nat.go:120.3,121.1 1 0
routerd/nat.go:122.2,125.73 4 1
routerd/nat.go:129.2,129.14 1 1
routerd/nat.go:130.3,131.1 1 0
routerd/nat.go:132.2,136.63 5 1
routerd/nat.go:142.2,142.15 1 2
routerd/nat.go:143.3,144.1 1 1
routerd/nat.go:145.2,147.16 2 1
routerd/nat.go:148.3,149.1 1 0
routerd/nat.go:150.3,151.1 1 1
routerd/nat.go:155.2,155.14 1 3
routerd/nat.go:156.3,157.1 1 2
routerd/nat.go:167.2,171.1 8 0
routerd/nat.go:172.2,174.1 8 0
routerd/nat.go:175.2,177.1 8 0
routerd/nat.go:182.2,182.14 1 1
routerd/nat.go:183.3,184.1 1 0
routerd/nat.go:185.2,186.1 2 1
routerd/nat.go:188.2,188.86 2 1
routerd/nat.go:189.3,190.1 1 0
routerd/nat.go:191.2,191.87 1 1
routerd/nat.go:192.3,193.1 1 0
routerd/nat.go:194.2,195.60 2 1
routerd/nat.go:202.2,203.41 2 1
routerd/nat.go:204.3,205.1 1 0
routerd/nat.go:206.2,212.92 4 1
routerd/nat.go:213.3,214.1 1 0
routerd/nat.go:215.2,216.12 2 1
routerd/nat.go:222.2,223.41 2 1
routerd/nat.go:224.3,226.1 2 0
routerd/nat.go:227.2,232.92 4 1
routerd/nat.go:233.3,234.1 1 1
routerd/nat.go:239.2,240.41 2 1
routerd/nat.go:241.3,242.1 1 0
routerd/nat.go:243.2,244.49 1 1
routerd/nat.go:245.3,246.1 1 0
routerd/nat.go:247.2,247.94 1 1
routerd/nat.go:248.3,249.1 1 0
routerd/nat.go:250.2,250.12 1 1
routerd/nat.go:256.2,257.41 2 3
routerd/nat.go:258.3,259.1 1 0
routerd/nat.go:260.2,261.55 1 3
routerd/nat.go:262.3,263.1 1 0
routerd/nat.go:264.2,265.104 1 3
routerd/nat.go:266.3,267.1 1 0
routerd/nat.go:268.2,268.32 1 3
routerd/nat.go:269.3,271.1 2 1
routerd/nat.go:272.2,272.73 1 3
routerd/nat.go:273.3,274.1 1 0
routerd/nat.go:275.2,275.12 1 3
routerd/nat.go:281.2,282.41 2 1
routerd/nat.go:283.3,284.1 1 0
routerd/nat.go:286.2,288.1 6 1
routerd/nat.go:289.2,293.1 6 1
routerd/nat.go:294.2,296.1 6 1
routerd/nat.go:297.2,298.73 6 1
routerd/nat.go:299.3,300.1 1 0
routerd/nat.go:301.2,302.12 2 1
routerd/nat.go:308.2,309.41 2 2
routerd/nat.go:310.3,312.1 2 0
routerd/nat.go:313.2,313.18 1 2
routerd/nat.go:314.3,317.1 2 1
routerd/nat.go:318.2,318.17 1 2
routerd/nat.go:319.3,322.1 2 1
routerd/nat.go:323.2,323.95 1 2
routerd/nat.go:324.3,325.1 1 0
routerd/nat.go:350.2,351.46 1 1
routerd/nat.go:352.3,353.1 1 0
routerd/nat.go:354.2,354.40 1 1
routerd/nat.go:355.3,356.1 1 1
routerd/nat.go:359.2,359.21 1 0
routerd/nat.go:360.3,361.1 1 0
routerd/nat.go:365.2,365.19 1 0
routerd/nat.go:366.3,367.1 1 0
routerd/nat.go:371.2,371.17 1 0
routerd/nat.go:372.3,372.47 1 0
routerd/nat.go:373.4,374.1 1 0
routerd/nat.go:375.9,375.26 1 0
routerd/nat.go:376.3,377.1 1 0
routerd/nat.go:380.2,380.52 1 0
routerd/nat.go:381.3,382.1 1 0
routerd/nat.go:386.2,386.96 1 0
routerd/nat.go:387.3,388.1 1 0
routerd/nat.go:391.2,391.21 1 0
routerd/nat.go:392.3,392.52 1 0
routerd/nat.go:393.4,394.1 1 0
routerd/nat.go:400.2,401.37 2 0
routerd/nat.go:402.3,403.1 1 0
routerd/nat.go:406.2,407.1 2 0
routerd/nat.go:408.2,408.12 2 0
routerd/nat.go:414.2,417.1 19 1
routerd/nat.go:419.2,422.1 19 1
routerd/nat.go:424.2,427.1 19 1
routerd/nat.go:429.2,432.1 19 1
routerd/nat.go:434.2,437.1 19 1
routerd/nat.go:439.2,442.1 19 1
routerd/nat.go:444.2,444.84 19 1
routerd/nat.go:445.3,446.1 1 1
routerd/nat.go:450.2,452.1 2 4
routerd/runner.go:24.2,29.1 5 0
routerd/runner.go:33.2,39.1 6 0
routerd/services.go:32.2,34.16 2 0
routerd/services.go:35.3,36.1 1 0
routerd/services.go:37.2,40.36 4 0
routerd/services.go:41.3,43.1 2 0
routerd/services.go:44.2,47.12 4 0
routerd/services.go:53.2,57.1 5 0
routerd/services.go:58.2,58.25 5 0
routerd/services.go:59.3,59.55 1 0
routerd/services.go:60.4,60.12 1 0
routerd/services.go:62.3,63.20 2 0
routerd/services.go:64.4,66.1 2 0
routerd/services.go:67.3,68.10 2 0
routerd/services.go:69.15,69.15 0 0
routerd/services.go:71.4,72.10 2 0
routerd/services.go:74.3,74.19 1 0
routerd/services.go:75.4,76.1 1 0
routerd/services.go:87.2,87.12 1 0
routerd/services.go:88.3,88.7 1 0
routerd/services.go:89.4,90.1 4 0
routerd/services.go:92.4,94.31 4 0
routerd/services.go:95.5,95.23 1 0
routerd/services.go:96.6,97.11 2 0
routerd/services.go:100.4,101.1 2 0
routerd/services.go:102.4,102.14 2 0
routerd/services.go:104.5,105.1 1 0
routerd/services.go:109.4,109.16 1 0
routerd/services.go:111.5,111.26 1 0
routerd/services.go:112.6,115.1 3 0
routerd/services.go:117.5,117.26 1 0
routerd/services.go:118.6,121.1 3 0
routerd/services.go:129.2,130.1 1 0
routerd/services.go:133.2,134.1 1 0
routerd/services.go:141.2,142.32 2 8
routerd/services.go:143.3,144.1 1 1
routerd/services.go:145.2,145.36 1 7
routerd/services.go:149.2,151.26 3 70
routerd/services.go:152.3,153.18 2 70
routerd/services.go:154.4,154.9 1 70
routerd/services.go:157.2,157.12 1 70
routerd/services.go:161.2,163.26 3 7
routerd/services.go:164.3,165.21 2 7
routerd/services.go:166.4,166.9 1 7
routerd/services.go:169.2,169.12 1 7
routerd/services.go:175.2,176.16 2 8
routerd/services.go:177.3,178.1 1 1
routerd/services.go:179.2,182.31 4 7
routerd/services.go:183.3,184.1 1 28
routerd/services.go:185.2,186.25 2 7
routerd/services.go:187.3,188.1 1 63
routerd/services.go:189.2,189.30 1 7
routerd/services.go:196.2,197.17 2 5
routerd/services.go:198.3,199.1 1 1
routerd/services.go:200.2,201.27 2 5
routerd/services.go:201.29,201.79 1 78
routerd/services.go:203.2,206.18 4 5
routerd/services.go:207.3,208.1 1 1
routerd/services.go:209.2,211.23 3 5
routerd/services.go:212.3,213.1 1 5
routerd/services.go:214.2,215.17 2 5
routerd/services.go:216.3,217.1 1 1
routerd/services.go:218.2,221.1 4 5
routerd/services.go:222.2,222.24 4 5
routerd/services.go:223.3,223.15 1 4
routerd/services.go:225.4,234.1 9 1
routerd/services.go:235.4,241.1 6 3
routerd/services.go:243.2,243.19 1 5
routerd/services.go:248.2,249.16 2 4
routerd/services.go:250.3,251.1 1 1
routerd/services.go:252.2,253.16 2 3
routerd/services.go:254.3,255.1 1 0
routerd/services.go:256.2,257.27 2 3
routerd/services.go:258.3,258.14 1 30
routerd/services.go:259.4,260.1 1 9
routerd/services.go:261.4,262.1 1 21
routerd/services.go:265.2,267.1 4 3
routerd/services.go:270.2,271.97 4 3
routerd/services.go:272.3,273.1 1 1
routerd/services.go:274.2,275.73 2 3
routerd/services.go:277.3,278.1 1 0
routerd/services.go:280.2,287.24 8 3
routerd/services.go:295.2,296.96 2 0
routerd/services.go:297.3,298.1 1 0
routerd/services.go:299.2,299.88 1 0
routerd/services.go:300.3,301.1 1 0
routerd/services.go:303.2,304.34 2 0
routerd/services.go:305.3,307.49 3 0
routerd/services.go:308.4,309.1 1 0
routerd/services.go:310.3,310.24 1 0
routerd/services.go:311.4,312.1 1 0
routerd/services.go:314.2,314.98 1 0
routerd/services.go:320.2,321.16 2 0
routerd/services.go:322.3,323.1 1 0
routerd/services.go:324.2,324.97 1 0
routerd/services.go:325.3,326.1 1 0
routerd/services.go:327.2,329.69 1 0
routerd/services.go:330.3,331.1 1 0
routerd/services.go:333.2,334.34 2 0
routerd/services.go:335.3,337.86 3 0
routerd/services.go:338.4,339.1 1 0
routerd/services.go:340.3,340.24 1 0
routerd/services.go:341.4,342.1 1 0
routerd/services.go:346.2,346.22 1 0
routerd/services.go:347.3,348.1 1 0
routerd/services.go:349.2,349.90 1 0
routerd/state.go:21.2,21.50 1 0
routerd/state.go:22.3,23.1 1 0
routerd/state.go:25.2,25.51 1 0
routerd/state.go:26.3,27.14 2 0
routerd/state.go:29.4,29.52 1 0
routerd/state.go:30.5,30.58 1 0
routerd/state.go:31.6,32.1 1 0
routerd/state.go:35.4,36.26 2 0
routerd/state.go:39.2,39.71 1 0
routerd/state.go:43.2,44.1 1 0
routerd/state.go:65.2,65.47 1 2
routerd/state.go:66.3,67.1 1 0
routerd/state.go:68.2,79.76 12 2
routerd/state.go:84.2,86.16 3 4
routerd/state.go:87.3,88.1 1 2
routerd/state.go:89.2,89.57 1 2
routerd/state.go:90.3,91.10 2 13
routerd/state.go:92.4,92.12 1 2
routerd/state.go:94.3,94.14 1 11
routerd/state.go:96.4,96.16 1 1
routerd/state.go:98.4,98.23 1 1
routerd/state.go:100.4,100.24 1 1
routerd/state.go:102.4,102.18 1 1
routerd/state.go:104.4,104.36 1 1
routerd/state.go:106.4,106.16 1 1
routerd/state.go:108.4,108.18 1 1
routerd/state.go:110.4,110.19 1 1
routerd/state.go:112.4,112.32 1 1
routerd/state.go:114.4,114.50 1 1
routerd/state.go:117.2,117.31 1 2
routerd/state.go:121.2,121.48 1 0
routerd/state.go:122.3,123.1 1 0
routerd/state.go:127.2,128.1 1 0
routerd/state.go:135.2,141.1 3 2
routerd/state.go:143.2,144.16 3 2
routerd/state.go:145.3,146.1 1 0
routerd/state.go:149.2,154.1 3 2
routerd/state.go:155.3,156.17 2 4
routerd/state.go:157.4,157.12 1 2
routerd/state.go:159.3,159.58 1 2
routerd/state.go:160.4,161.19 2 28
routerd/state.go:162.5,164.35 3 26
routerd/state.go:165.6,166.1 1 18
routerd/state.go:169.3,169.8 1 2
routerd/state.go:172.2,174.48 3 2
routerd/state.go:175.3,176.42 2 5
routerd/state.go:177.4,177.18 1 1
routerd/state.go:178.5,179.1 1 0
routerd/state.go:180.4,182.23 3 1
routerd/state.go:183.5,184.1 1 1
routerd/state.go:185.4,186.16 2 1
routerd/state.go:187.5,188.1 1 1
routerd/state.go:189.4,189.66 1 1
routerd/state.go:190.10,190.24 1 4
routerd/state.go:191.4,191.46 1 3
routerd/state.go:192.5,193.1 1 1
routerd/state.go:194.4,194.42 1 3
routerd/state.go:195.5,198.1 3 1
routerd/state.go:201.2,201.16 1 2
routerd/state.go:202.3,203.1 1 1
routerd/state.go:204.2,204.20 1 2
routerd/state.go:205.3,206.1 1 1
routerd/state.go:208.2,209.16 2 2
routerd/state.go:210.3,211.1 1 0
routerd/state.go:212.2,212.66 1 2
routerd/util.go:17.2,18.1 1 105
routerd/util.go:22.2,23.1 1 0
routerd/util.go:26.2,28.1 2 2
routerd/util.go:31.2,32.1 1 2
routerd/util.go:36.2,37.16 2 12
routerd/util.go:38.3,39.1 1 2
routerd/util.go:40.2,41.17 2 10
routerd/util.go:42.3,43.1 1 0
routerd/util.go:44.2,44.17 1 10
routerd/util.go:45.3,46.1 1 0
routerd/util.go:47.2,50.17 4 10
routerd/util.go:55.2,56.16 2 4
routerd/util.go:57.3,58.1 1 1
routerd/util.go:59.2,61.31 3 3
routerd/util.go:62.3,63.1 1 12
routerd/util.go:64.2,64.16 1 3
routerd/util.go:70.2,71.16 2 3
routerd/util.go:72.3,73.1 1 0
routerd/util.go:74.2,75.11 2 3
routerd/util.go:76.3,77.1 1 0
routerd/util.go:78.2,78.36 1 3
routerd/util.go:84.2,85.16 2 0
routerd/util.go:86.3,87.1 1 0
routerd/util.go:88.2,89.16 2 0
routerd/util.go:90.3,91.1 1 0
routerd/util.go:92.2,94.13 3 0
routerd/util.go:95.3,96.1 1 0
routerd/util.go:97.2,97.22 1 0
routerd/util.go:101.2,101.34 1 8
routerd/util.go:102.3,103.1 1 3
routerd/util.go:104.2,104.34 1 5
routerd/util.go:105.3,106.1 1 3
routerd/util.go:107.2,107.14 1 2
routerd/util.go:113.2,114.16 2 2
routerd/util.go:115.3,116.1 1 1
routerd/util.go:117.2,118.21 2 1
routerd/util.go:119.3,120.1 1 0
routerd/util.go:122.2,125.33 4 1
routerd/util.go:130.2,131.43 2 53
routerd/util.go:132.3,133.1 1 0
routerd/util.go:135.2,136.89 2 53
routerd/util.go:141.2,143.18 3 50
routerd/util.go:145.3,145.50 1 16
routerd/util.go:147.3,148.58 2 19
routerd/util.go:150.3,151.61 2 15
routerd/util.go:152.4,153.1 1 0
routerd/util.go:154.3,154.52 1 15
routerd/vpn.go:12.2,12.20 1 6
routerd/vpn.go:13.3,14.1 1 1
routerd/vpn.go:16.2,17.14 2 5
routerd/vpn.go:19.3,19.43 1 0
routerd/vpn.go:22.3,22.59 1 2
routerd/vpn.go:23.4,24.1 1 1
routerd/vpn.go:25.3,26.31 2 1
routerd/vpn.go:32.3,33.25 2 2
routerd/vpn.go:36.3,36.108 1 1
routerd/vpn.go:42.2,43.1 2 0
routerd/vpn.go:45.2,45.45 2 0
routerd/vpn.go:46.3,47.58 2 0
routerd/vpn.go:48.4,49.57 2 0
routerd/vpn.go:50.5,51.1 1 0
routerd/vpn.go:52.4,52.76 1 0
routerd/vpn.go:56.2,56.27 1 0
routerd/vpn.go:57.3,60.1 3 0
routerd/vpn.go:62.2,62.36 1 0
routerd/vpn.go:63.3,66.1 3 0
routerd/vpn.go:68.2,70.60 3 0
routerd/vpn.go:71.3,74.1 3 0
routerd/vpn.go:77.2,78.1 4 0
routerd/vpn.go:79.2,81.19 4 0
routerd/vpn.go:89.2,90.1 2 3
routerd/vpn.go:91.2,91.23 2 3
routerd/vpn.go:92.3,94.1 2 1
routerd/vpn.go:100.2,100.22 1 3
routerd/vpn.go:105.2,105.80 1 2
routerd/vpn.go:106.3,107.21 2 1
routerd/vpn.go:108.4,110.1 2 1
routerd/vpn.go:111.3,111.54 1 1
routerd/vpn.go:118.2,121.16 4 6
routerd/vpn.go:122.3,123.1 1 5
routerd/vpn.go:124.2,124.24 1 1
routerd/vpn.go:125.3,126.1 1 1
routerd/vpn.go:127.2,127.14 1 0
routerd/vpn.go:134.2,135.47 2 0
routerd/vpn.go:136.3,137.1 1 0
routerd/vpn.go:140.2,140.51 1 0
routerd/vpn.go:141.3,142.1 1 0
routerd/vpn.go:145.2,146.16 2 0
routerd/vpn.go:147.3,148.1 1 0
routerd/vpn.go:149.2,150.1 3 0
routerd/vpn.go:151.2,152.83 3 0
routerd/vpn.go:153.3,154.1 1 0
routerd/vpn.go:156.2,157.67 2 0
routerd/vpn.go:158.3,159.1 1 0
routerd/vpn.go:162.2,163.26 2 0
routerd/vpn.go:164.3,165.1 1 0
routerd/vpn.go:167.2,168.16 2 0
routerd/vpn.go:169.3,170.1 1 0
routerd/vpn.go:171.2,171.55 1 0
routerd/vpn.go:172.3,173.1 1 0
routerd/vpn.go:174.2,175.12 2 0
routerd/vpn.go:181.2,182.47 2 2
routerd/vpn.go:183.3,184.1 1 0
routerd/vpn.go:185.2,203.50 2 2
routerd/vpn.go:209.2,210.16 2 5
routerd/vpn.go:211.3,212.1 1 1
routerd/vpn.go:213.2,213.57 1 4
routerd/vpn.go:214.3,215.49 2 12
routerd/vpn.go:216.4,216.12 1 7
routerd/vpn.go:218.3,218.61 1 5
routerd/vpn.go:219.4,220.1 1 2
routerd/vpn.go:222.2,222.13 1 2
routerd/dashboard/api.go:81.2,88.1 7 21
routerd/dashboard/api.go:93.2,93.32 1 5
routerd/dashboard/api.go:94.3,96.1 2 0
routerd/dashboard/api.go:98.2,99.9 2 5
routerd/dashboard/api.go:100.3,102.1 2 4
routerd/dashboard/api.go:104.2,107.22 4 1
routerd/dashboard/api.go:108.3,110.1 2 1
routerd/dashboard/api.go:112.2,126.1 2 1
routerd/dashboard/api.go:128.2,128.18 2 1
routerd/dashboard/api.go:129.3,131.1 2 0
routerd/dashboard/api.go:133.2,133.20 1 1
routerd/dashboard/api.go:139.2,139.32 1 2
routerd/dashboard/api.go:140.3,142.1 2 0
routerd/dashboard/api.go:143.2,144.9 2 2
routerd/dashboard/api.go:145.3,147.1 2 2
routerd/dashboard/api.go:149.2,150.70 2 0
routerd/dashboard/api.go:156.2,156.18 1 5
routerd/dashboard/api.go:158.3,158.26 1 2
routerd/dashboard/api.go:160.3,160.27 1 2
routerd/dashboard/api.go:162.3,162.66 1 1
routerd/dashboard/api.go:167.2,168.16 2 2
routerd/dashboard/api.go:169.3,171.1 2 0
routerd/dashboard/api.go:172.2,173.64 2 2
routerd/dashboard/api.go:178.2,179.80 2 2
routerd/dashboard/api.go:180.3,184.1 4 0
routerd/dashboard/api.go:185.2,186.1 3 2
routerd/dashboard/api.go:187.2,189.1 3 2
routerd/dashboard/api.go:190.2,190.62 3 2
routerd/dashboard/api.go:191.3,193.1 2 0
routerd/dashboard/api.go:194.2,194.43 1 2
routerd/dashboard/api.go:195.3,197.1 2 1
routerd/dashboard/api.go:198.2,198.79 1 1
routerd/dashboard/api.go:199.3,201.1 2 0
routerd/dashboard/api.go:202.2,205.95 4 1
routerd/dashboard/api.go:211.2,211.18 1 3
routerd/dashboard/api.go:213.3,213.23 1 1
routerd/dashboard/api.go:215.3,215.24 1 2
routerd/dashboard/api.go:217.3,217.66 1 0
routerd/dashboard/api.go:222.2,224.1 3 1
routerd/dashboard/api.go:225.2,225.24 3 1
routerd/dashboard/api.go:226.3,232.1 6 0
routerd/dashboard/api.go:235.2,235.57 1 1
routerd/dashboard/api.go:236.3,237.1 1 0
routerd/dashboard/api.go:239.2,239.20 1 1
routerd/dashboard/api.go:243.2,246.1 2 2
routerd/dashboard/api.go:247.2,247.62 2 2
routerd/dashboard/api.go:248.3,250.1 2 0
routerd/dashboard/api.go:251.2,251.21 1 2
routerd/dashboard/api.go:253.3,253.81 1 1
routerd/dashboard/api.go:254.4,256.1 2 0
routerd/dashboard/api.go:257.3,257.96 1 1
routerd/dashboard/api.go:259.3,259.85 1 1
routerd/dashboard/api.go:266.2,266.32 1 1
routerd/dashboard/api.go:267.3,269.1 2 0
routerd/dashboard/api.go:271.2,273.90 3 1
routerd/dashboard/api.go:274.3,275.1 1 0
routerd/dashboard/api.go:277.2,278.41 2 1
routerd/dashboard/api.go:279.3,280.1 1 1
routerd/dashboard/api.go:281.2,281.41 1 1
routerd/dashboard/api.go:282.3,283.1 1 1
routerd/dashboard/api.go:285.2,285.48 1 1
routerd/dashboard/api.go:291.2,291.33 1 2
routerd/dashboard/api.go:292.3,294.1 2 1
routerd/dashboard/api.go:295.2,297.1 2 1
routerd/dashboard/api.go:298.2,298.62 2 1
routerd/dashboard/api.go:299.3,301.1 2 0
routerd/dashboard/api.go:302.2,303.32 2 1
routerd/dashboard/api.go:304.3,306.1 2 1
routerd/dashboard/api.go:307.2,307.21 1 0
routerd/dashboard/api.go:309.3,309.59 1 0
routerd/dashboard/api.go:310.4,312.1 2 0
routerd/dashboard/api.go:313.3,313.84 1 0
routerd/dashboard/api.go:315.3,315.57 1 0
routerd/dashboard/api.go:316.4,318.1 2 0
routerd/dashboard/api.go:319.3,319.82 1 0
routerd/dashboard/api.go:321.3,321.58 1 0
routerd/dashboard/api.go:322.4,324.1 2 0
routerd/dashboard/api.go:325.3,325.83 1 0
routerd/dashboard/api.go:327.3,327.85 1 0
routerd/dashboard/api.go:334.2,334.33 1 2
routerd/dashboard/api.go:335.3,337.1 2 0
routerd/dashboard/api.go:338.2,340.1 2 2
routerd/dashboard/api.go:341.2,341.80 2 2
routerd/dashboard/api.go:342.3,344.1 2 1
routerd/dashboard/api.go:345.2,346.9 2 1
routerd/dashboard/api.go:347.3,349.1 2 1
routerd/dashboard/api.go:350.2,351.16 2 0
routerd/dashboard/api.go:352.3,354.1 2 0
routerd/dashboard/api.go:355.2,355.102 1 0
routerd/dashboard/api.go:361.2,363.1 2 13
routerd/dashboard/api.go:366.2,369.1 3 7
routerd/dashboard/api.go:372.2,374.16 3 8
routerd/dashboard/api.go:375.3,376.49 2 15
routerd/dashboard/api.go:377.4,377.12 1 5
routerd/dashboard/api.go:379.3,380.10 2 10
routerd/dashboard/api.go:381.4,381.12 1 0
routerd/dashboard/api.go:383.3,383.49 1 10
routerd/dashboard/api.go:385.2,385.10 1 8
routerd/dashboard/api.go:389.2,390.16 2 2
routerd/dashboard/api.go:391.3,392.1 1 2
routerd/dashboard/api.go:393.2,394.1 4 0
routerd/dashboard/api.go:395.2,397.16 4 0
routerd/dashboard/api.go:398.3,399.1 1 0
routerd/dashboard/api.go:400.2,400.20 1 0
routerd/dashboard/api.go:401.3,402.1 1 0
routerd/dashboard/api.go:403.2,403.14 1 0
routerd/dashboard/api.go:407.2,407.14 1 7
routerd/dashboard/api.go:408.3,409.1 1 1
routerd/dashboard/api.go:410.2,413.11 4 7
routerd/dashboard/api.go:414.3,415.1 1 3
routerd/dashboard/api.go:416.2,416.11 1 4
routerd/dashboard/api.go:417.3,418.1 1 1
routerd/dashboard/api.go:419.2,419.30 1 3
routerd/dashboard/api.go:424.2,425.52 2 5
routerd/dashboard/api.go:426.3,427.45 2 13
routerd/dashboard/api.go:428.4,429.20 2 2
routerd/dashboard/api.go:430.5,431.13 2 2
routerd/dashboard/api.go:434.3,434.31 1 11
routerd/dashboard/api.go:436.2,436.47 1 5
routerd/dashboard/api.go:441.2,442.16 2 0
routerd/dashboard/api.go:443.3,444.1 1 0
routerd/dashboard/api.go:445.2,445.67 1 0
routerd/dashboard/api.go:446.3,447.48 2 0
routerd/dashboard/api.go:449.4,450.52 2 0
routerd/dashboard/api.go:451.5,452.1 1 0
routerd/dashboard/api.go:454.4,458.98 5 0
routerd/dashboard/api.go:459.5,460.1 1 0
routerd/dashboard/api.go:463.2,463.11 1 0
routerd/dashboard/api.go:468.2,469.16 2 0
routerd/dashboard/api.go:470.3,471.1 1 0
routerd/dashboard/api.go:472.2,472.67 1 0
routerd/dashboard/api.go:473.3,474.48 2 0
routerd/dashboard/api.go:475.4,476.1 1 0
routerd/dashboard/api.go:478.2,478.11 1 0
routerd/dashboard/api.go:483.2,483.74 1 0
routerd/dashboard/api.go:484.3,485.1 1 0
routerd/dashboard/api.go:486.2,486.81 1 0
routerd/dashboard/api.go:487.3,487.68 1 0
routerd/dashboard/api.go:488.4,489.24 2 0
routerd/dashboard/api.go:490.5,490.77 1 0
routerd/dashboard/api.go:491.6,493.1 2 0
routerd/dashboard/api.go:494.5,494.10 1 0
routerd/dashboard/api.go:498.2,498.8 1 0
routerd/dashboard/bandwidth.go:60.2,62.1 6 0
routerd/dashboard/bandwidth.go:63.2,65.1 6 0
routerd/dashboard/bandwidth.go:67.2,68.38 6 0
routerd/dashboard/bandwidth.go:69.3,70.13 2 0
routerd/dashboard/bandwidth.go:71.4,73.27 3 0
routerd/dashboard/bandwidth.go:74.5,75.1 1 0
routerd/dashboard/bandwidth.go:76.4,76.27 1 0
routerd/dashboard/bandwidth.go:77.5,78.1 1 0
routerd/dashboard/bandwidth.go:81.2,84.1 4 0
routerd/dashboard/bandwidth.go:86.2,86.28 4 0
routerd/dashboard/bandwidth.go:87.3,90.40 4 0
routerd/dashboard/bandwidth.go:91.4,92.14 2 0
routerd/dashboard/bandwidth.go:93.5,95.22 3 0
routerd/dashboard/bandwidth.go:96.6,97.1 1 0
routerd/dashboard/bandwidth.go:98.5,98.22 1 0
routerd/dashboard/bandwidth.go:99.6,100.1 1 0
routerd/dashboard/bandwidth.go:103.3,106.43 4 0
routerd/dashboard/bandwidth.go:108.2,108.25 1 0
routerd/dashboard/bandwidth.go:109.3,110.1 1 0
routerd/dashboard/bandwidth.go:113.2,118.31 2 0
routerd/dashboard/bandwidth.go:119.3,120.1 1 0
routerd/dashboard/bandwidth.go:121.2,123.1 3 0
routerd/dashboard/bandwidth.go:124.2,124.13 3 0
routerd/dashboard/bandwidth.go:128.2,129.16 2 0
routerd/dashboard/bandwidth.go:130.3,131.1 1 0
routerd/dashboard/bandwidth.go:132.2,133.1 3 0
routerd/dashboard/bandwidth.go:134.2,135.16 3 0
routerd/dashboard/bandwidth.go:136.3,137.42 2 0
routerd/dashboard/bandwidth.go:138.4,138.12 1 0
routerd/dashboard/bandwidth.go:140.3,142.23 3 0
routerd/dashboard/bandwidth.go:143.4,145.1 2 0
routerd/dashboard/bandwidth.go:146.3,146.16 1 0
routerd/dashboard/bandwidth.go:148.2,148.13 1 0
routerd/dashboard/bandwidth.go:152.2,153.16 2 0
routerd/dashboard/bandwidth.go:154.3,155.1 1 0
routerd/dashboard/bandwidth.go:156.2,156.48 1 0
routerd/dashboard/bandwidth.go:157.3,158.43 2 0
routerd/dashboard/bandwidth.go:159.4,160.1 1 0
routerd/dashboard/bandwidth.go:161.3,161.43 1 0
routerd/dashboard/bandwidth.go:162.4,163.1 1 0
routerd/dashboard/bandwidth.go:165.2,165.15 1 0
routerd/dashboard/bandwidth.go:169.2,169.9 1 6
routerd/dashboard/bandwidth.go:171.3,171.75 1 2
routerd/dashboard/bandwidth.go:173.3,173.71 1 2
routerd/dashboard/bandwidth.go:175.3,175.45 1 2
routerd/dashboard/server.go:37.2,40.1 3 21
routerd/dashboard/server.go:43.2,50.1 7 2
routerd/dashboard/server.go:53.2,57.1 4 3
routerd/dashboard/server.go:60.2,63.1 3 1
routerd/dashboard/server.go:66.2,67.16 2 21
routerd/dashboard/server.go:68.3,70.36 3 0
routerd/dashboard/server.go:71.4,71.22 1 0
routerd/dashboard/server.go:72.5,73.1 1 0
routerd/dashboard/server.go:75.3,75.16 1 0
routerd/dashboard/server.go:98.2,101.1 3 21
routerd/dashboard/server.go:104.2,107.9 4 10
routerd/dashboard/server.go:108.3,109.1 1 4
routerd/dashboard/server.go:110.2,110.38 1 6
routerd/dashboard/server.go:111.3,112.1 1 2
routerd/dashboard/server.go:113.2,113.13 1 4
routerd/dashboard/server.go:117.2,119.13 3 8
routerd/dashboard/server.go:120.3,122.1 2 2
routerd/dashboard/server.go:123.2,124.9 2 6
routerd/dashboard/server.go:125.3,127.1 2 2
routerd/dashboard/server.go:128.2,129.33 2 6
routerd/dashboard/server.go:130.3,131.1 1 1
routerd/dashboard/server.go:135.2,136.16 2 21
routerd/dashboard/server.go:137.3,139.33 3 0
routerd/dashboard/server.go:140.4,140.83 1 0
routerd/dashboard/server.go:141.5,142.1 1 0
routerd/dashboard/server.go:144.3,144.16 1 0
routerd/dashboard/server.go:167.2,178.1 1 21
routerd/dashboard/server.go:183.2,184.1 14 0
routerd/dashboard/server.go:186.2,188.1 14 0
routerd/dashboard/server.go:190.2,191.1 14 0
routerd/dashboard/server.go:193.2,194.1 14 0
routerd/dashboard/server.go:196.2,197.1 14 0
routerd/dashboard/server.go:199.2,200.1 14 0
routerd/dashboard/server.go:201.2,208.1 14 0
routerd/dashboard/server.go:211.2,213.1 14 0
routerd/dashboard/server.go:214.2,215.1 14 0
routerd/dashboard/server.go:216.2,217.12 14 0
routerd/dashboard/server.go:217.14,217.45 1 0
routerd/dashboard/server.go:219.2,219.9 1 0
routerd/dashboard/server.go:221.3,223.31 3 0
routerd/dashboard/server.go:225.3,225.13 1 0
routerd/dashboard/server.go:239.2,239.71 1 21
routerd/dashboard/server.go:241.3,241.23 1 32
routerd/dashboard/server.go:242.4,244.1 2 19
routerd/dashboard/server.go:247.3,247.30 1 13
routerd/dashboard/server.go:248.4,250.1 2 10
routerd/dashboard/server.go:253.3,253.61 1 3
routerd/dashboard/server.go:254.4,254.38 1 3
routerd/dashboard/server.go:255.5,257.1 2 2
routerd/dashboard/server.go:261.3,261.68 1 1
routerd/dashboard/server.go:262.4,266.1 4 1
routerd/dashboard/server.go:269.3,269.55 1 0
routerd/dashboard/server.go:275.2,275.33 1 10
routerd/dashboard/server.go:276.3,278.1 2 0
routerd/dashboard/server.go:281.2,282.55 2 10
routerd/dashboard/server.go:283.3,284.1 1 0
routerd/dashboard/server.go:285.2,285.55 1 10
routerd/dashboard/server.go:286.3,287.1 1 10
routerd/dashboard/server.go:289.2,289.26 1 10
routerd/dashboard/server.go:290.3,295.1 5 2
routerd/dashboard/server.go:297.2,299.1 2 8
routerd/dashboard/server.go:300.2,300.62 2 8
routerd/dashboard/server.go:301.3,303.1 2 0
routerd/dashboard/server.go:304.2,304.80 1 8
routerd/dashboard/server.go:305.3,310.1 5 6
routerd/dashboard/server.go:311.2,313.1 6 2
routerd/dashboard/server.go:314.2,325.65 6 2
routerd/dashboard/server.go:330.2,330.60 1 1
routerd/dashboard/server.go:331.3,332.1 1 1
routerd/dashboard/server.go:333.2,339.54 2 1
routerd/dashboard/server.go:344.2,344.71 1 21
routerd/dashboard/server.go:345.3,355.1 6 32
routerd/dashboard/server.go:361.2,361.71 1 21
routerd/dashboard/server.go:363.3,364.19 2 31
routerd/dashboard/server.go:366.4,367.61 2 0
routerd/dashboard/server.go:368.5,372.1 4 0
routerd/dashboard/server.go:374.3,374.37 1 31
routerd/dashboard/server.go:375.4,377.1 2 0
routerd/dashboard/server.go:378.3,378.23 1 31
routerd/dashboard/server.go:392.2,395.1 1 21
routerd/dashboard/server.go:399.2,402.1 3 0
routerd/dashboard/server.go:405.2,409.1 4 0
routerd/dashboard/server.go:412.2,412.27 1 0
routerd/dashboard/server.go:413.3,414.28 2 0
routerd/dashboard/server.go:415.4,416.69 2 0
routerd/dashboard/server.go:418.5,419.1 1 0
routerd/dashboard/server.go:421.3,421.17 1 0
routerd/dashboard/server.go:426.2,427.16 2 0
routerd/dashboard/server.go:428.3,429.1 1 0
routerd/dashboard/server.go:430.2,430.9 1 0
routerd/dashboard/server.go:431.20,431.20 0 0
routerd/dashboard/server.go:432.10,432.10 0 0
routerd/dashboard/server.go:440.3,441.19 2 0
routerd/dashboard/server.go:442.4,443.1 1 0
routerd/dashboard/server.go:444.3,445.63 2 0
routerd/dashboard/server.go:450.2,451.16 2 0
routerd/dashboard/server.go:452.3,453.1 1 0
routerd/dashboard/server.go:454.2,455.1 2 0
routerd/dashboard/server.go:457.2,457.39 2 0
routerd/dashboard/server.go:458.3,459.1 1 0
routerd/dashboard/server.go:462.2,462.12 1 0
routerd/dashboard/server.go:463.3,464.7 2 0
routerd/dashboard/server.go:465.4,465.51 1 0
routerd/dashboard/server.go:466.5,466.10 1 0
routerd/dashboard/server.go:474.2,476.6 3 0
routerd/dashboard/server.go:477.3,477.10 1 0
routerd/dashboard/server.go:479.4,479.10 1 0
routerd/dashboard/server.go:481.4,481.41 1 0
routerd/dashboard/server.go:482.5,483.1 1 0
routerd/dashboard/server.go:484.5,485.1 1 0
routerd/dashboard/server.go:505.2,507.22 3 0
routerd/dashboard/server.go:508.3,510.1 2 0
routerd/dashboard/server.go:511.2,524.1 3 0
routerd/dashboard/server.go:544.2,546.16 3 9
routerd/dashboard/server.go:547.3,548.1 1 8
routerd/dashboard/server.go:549.2,549.57 1 1
routerd/dashboard/server.go:550.3,551.10 2 11
routerd/dashboard/server.go:552.4,552.12 1 1
routerd/dashboard/server.go:554.3,554.12 1 10
routerd/dashboard/server.go:556.4,556.14 1 1
routerd/dashboard/server.go:558.4,558.21 1 1
routerd/dashboard/server.go:560.4,560.22 1 1
routerd/dashboard/server.go:562.4,562.16 1 1
routerd/dashboard/server.go:564.4,564.28 1 1
routerd/dashboard/server.go:566.4,566.14 1 1
routerd/dashboard/server.go:568.4,568.16 1 1
routerd/dashboard/server.go:570.4,570.17 1 1
routerd/dashboard/server.go:572.4,572.29 1 1
routerd/dashboard/server.go:574.4,574.30 1 1
routerd/dashboard/server.go:577.2,577.31 1 1
routerd/dashboard/server.go:581.2,582.16 2 1
routerd/dashboard/server.go:583.3,584.1 1 0
routerd/dashboard/server.go:585.2,585.37 1 1
routerd/dashboard/server.go:592.2,593.16 2 0
routerd/dashboard/server.go:594.3,595.1 1 0
routerd/dashboard/server.go:596.2,597.55 2 0
routerd/dashboard/server.go:598.3,599.1 1 0
routerd/dashboard/server.go:600.2,600.20 1 0
routerd/dashboard/server.go:601.3,602.1 1 0
routerd/dashboard/server.go:603.2,603.16 1 0
routerd/dashboard/server.go:608.2,612.1 2 0
routerd/dashboard/server.go:613.3,614.17 2 0
routerd/dashboard/server.go:615.4,615.12 1 0
routerd/dashboard/server.go:617.3,617.58 1 0
routerd/dashboard/server.go:618.4,619.19 2 0
routerd/dashboard/server.go:620.5,621.1 1 0
routerd/dashboard/server.go:623.3,623.8 1 0
routerd/dashboard/server.go:625.2,625.10 1 0
routerd/dashboard/server.go:630.2,632.1 2 0
routerd/dashboard/server.go:637.2,638.16 2 0
routerd/dashboard/server.go:639.3,640.1 1 0
routerd/dashboard/server.go:641.2,642.1 4 0
routerd/dashboard/server.go:643.2,645.16 4 0
routerd/dashboard/server.go:646.3,647.1 1 0
routerd/dashboard/server.go:648.2,648.20 1 0
routerd/dashboard/server.go:649.3,650.1 1 0
routerd/dashboard/server.go:651.2,651.14 1 0
routerd/dashboard/server.go:658.2,659.16 2 0
routerd/dashboard/server.go:660.3,661.1 1 0
routerd/dashboard/server.go:662.2,663.35 2 0
routerd/dashboard/server.go:664.3,665.1 1 0
routerd/dashboard/server.go:666.2,666.26 1 0
routerd/dashboard/util.go:10.2,16.1 6 1
routerd/dashboard/util.go:21.2,28.1 7 0
